V3 3
FL "C:/Users/Waqas/Documents/Xilinx Projects/CS331FinalProject/Sonar.vhd" 2016/04/21.02:31:52 P.20131013
EN work/Sonar 1461220322 \
      FL "C:/Users/Waqas/Documents/Xilinx Projects/CS331FinalProject/Sonar.vhd" \
      PB ieee/std_logic_1164 1381692176 PB ieee/NUMERIC_STD 1381692181
AR work/Sonar/Behavioral 1461220323 \
      FL "C:/Users/Waqas/Documents/Xilinx Projects/CS331FinalProject/Sonar.vhd" \
      EN work/Sonar 1461220322
